// Jest Snapshot v1, https://goo.gl/fbAQLP

exports[`matches DisplayRockets component snapshot 1`] = `
<div
  className="container"
/>
`;

exports[`matches Rockets component snapshot 1`] = `
<div
  className="container"
/>
`;
