// Jest Snapshot v1, https://goo.gl/fbAQLP

exports[`renders to Nav 1`] = `
<h1
  class="title  col-8"
>
  Space Travelers Hub
</h1>
`;
